// Jest Snapshot v1, https://goo.gl/fbAQLP

exports[`<Spacers /> renders correctly 1`] = `
<WithStyles(ForwardRef(Paper))
  className="spacers vertical-space-1 border"
  id="spacers"
  tabIndex={0}
>
  <WithStyles(ForwardRef(Typography))
    className="pad-1"
    component="h1"
    variant="h5"
  >
    Spacers
  </WithStyles(ForwardRef(Typography))>
  <div
    className="spacer-container"
  >
    <span>
      Spacer
    </span>
    <Connect(Droppable)
      direction="vertical"
      droppableId="separator"
      getContainerForClone={[Function]}
      ignoreContainerClipping={false}
      isCombineEnabled={false}
      isDropDisabled={true}
      mode="STANDARD"
      type="DEFAULT"
      whenDraggingClone={null}
    >
      <Component />
    </Connect(Droppable)>
  </div>
  <div
    className="spacer-container"
  >
    <span>
      Visible Spacer
    </span>
    <Connect(Droppable)
      direction="vertical"
      droppableId="separator-visible"
      getContainerForClone={[Function]}
      ignoreContainerClipping={false}
      isCombineEnabled={false}
      isDropDisabled={true}
      mode="STANDARD"
      type="DEFAULT"
      whenDraggingClone={null}
    >
      <Component />
    </Connect(Droppable)>
  </div>
</WithStyles(ForwardRef(Paper))>
`;
