// Jest Snapshot v1, https://goo.gl/fbAQLP

exports[`<MorePanel /> renders correctly 1`] = `
<div
  className="more-panel"
>
  <div
    className="static-row"
  >
    <div
      className="tell-me-more-box"
    >
      Tell me more about
      <ul>
        <li>
          Morphic and what it is
        </li>
        <li>
          How to create or edit my own preferences
        </li>
        <li>
          How to make a new key
        </li>
        <li>
          How to use this at home
        </li>
        <li>
          How to convert my documents
        </li>
        <li>
          Other frequently asked questions
        </li>
        <li>
          Other help topics
        </li>
        <li>
          Help me with ___
        </li>
      </ul>
    </div>
    <div>
      <h3>
        Things to try
      </h3>
      <div
        className="button"
      >
        Button 1
      </div>
      <div
        className="button"
      >
        Button 2
      </div>
      <div
        className="button"
      >
        Button 3
      </div>
      <div
        className="button"
      >
        Button 4
      </div>
    </div>
    <div>
      <h3>
        Managing settings
      </h3>
      <div
        className="button"
      >
        Button 5
      </div>
      <div
        className="button"
      >
        Button 6
      </div>
      <div
        className="button"
      >
        Button 7
      </div>
      <div
        className="button"
      >
        Button 8
      </div>
    </div>
  </div>
  <WithStyles(ForwardRef(Button))
    onClick={[Function]}
  >
    <AddIcon
      fontSize="small"
    />
    Add Row
  </WithStyles(ForwardRef(Button))>
</div>
`;
