// Jest Snapshot v1, https://goo.gl/fbAQLP

exports[`<QuickstripItem /> renders correctly 1`] = `
<PublicDraggable
  draggableId=""
  index={1}
>
  <Component />
</PublicDraggable>
`;
